// Vitest Snapshot v1, https://vitest.dev/guide/snapshot.html

exports[`SearchControls > should render SearchControls with default values 1`] = `
<div>
  <div
    class="flex flex-col lg:flex-row gap-4 mb-8"
  >
    <div
      class="relative flex-1"
    >
      <svg
        aria-hidden="true"
        class="lucide lucide-search absolute left-3 top-1/2 transform -translate-y-1/2 text-gray-400 h-5 w-5"
        fill="none"
        height="24"
        stroke="currentColor"
        stroke-linecap="round"
        stroke-linejoin="round"
        stroke-width="2"
        viewBox="0 0 24 24"
        width="24"
        xmlns="http://www.w3.org/2000/svg"
      >
        <path
          d="m21 21-4.34-4.34"
        />
        <circle
          cx="11"
          cy="11"
          r="8"
        />
      </svg>
      <input
        class="file:text-foreground placeholder:text-muted-foreground selection:bg-primary selection:text-primary-foreground dark:bg-input/30 border-input flex w-full min-w-0 rounded-md border px-3 py-1 shadow-xs transition-[color,box-shadow] outline-none file:inline-flex file:h-7 file:border-0 file:bg-transparent file:text-sm file:font-medium disabled:pointer-events-none disabled:cursor-not-allowed disabled:opacity-50 md:text-sm focus-visible:border-ring focus-visible:ring-ring/50 focus-visible:ring-[3px] aria-invalid:ring-destructive/20 dark:aria-invalid:ring-destructive/40 aria-invalid:border-destructive pl-12 h-12 text-lg bg-white"
        data-slot="input"
        placeholder="Search heroes, villains, powers, teams..."
        value=""
      />
    </div>
    <div
      class="flex gap-2"
    >
      <button
        class="inline-flex items-center justify-center gap-2 whitespace-nowrap rounded-md text-sm font-medium transition-all disabled:pointer-events-none disabled:opacity-50 [&_svg]:pointer-events-none [&_svg:not([class*='size-'])]:size-4 shrink-0 [&_svg]:shrink-0 outline-none focus-visible:border-ring focus-visible:ring-ring/50 focus-visible:ring-[3px] aria-invalid:ring-destructive/20 dark:aria-invalid:ring-destructive/40 aria-invalid:border-destructive border bg-background shadow-xs hover:bg-accent hover:text-accent-foreground dark:bg-input/30 dark:border-input dark:hover:bg-input/50 px-4 py-2 has-[>svg]:px-3 h-12"
        data-slot="button"
      >
        <svg
          aria-hidden="true"
          class="lucide lucide-funnel h-4 w-4 mr-2"
          fill="none"
          height="24"
          stroke="currentColor"
          stroke-linecap="round"
          stroke-linejoin="round"
          stroke-width="2"
          viewBox="0 0 24 24"
          width="24"
          xmlns="http://www.w3.org/2000/svg"
        >
          <path
            d="M10 20a1 1 0 0 0 .553.895l2 1A1 1 0 0 0 14 21v-7a2 2 0 0 1 .517-1.341L21.74 4.67A1 1 0 0 0 21 3H3a1 1 0 0 0-.742 1.67l7.225 7.989A2 2 0 0 1 10 14z"
          />
        </svg>
        Filters
      </button>
      <button
        class="inline-flex items-center justify-center gap-2 whitespace-nowrap rounded-md text-sm font-medium transition-all disabled:pointer-events-none disabled:opacity-50 [&_svg]:pointer-events-none [&_svg:not([class*='size-'])]:size-4 shrink-0 [&_svg]:shrink-0 outline-none focus-visible:border-ring focus-visible:ring-ring/50 focus-visible:ring-[3px] aria-invalid:ring-destructive/20 dark:aria-invalid:ring-destructive/40 aria-invalid:border-destructive border bg-background shadow-xs hover:bg-accent hover:text-accent-foreground dark:bg-input/30 dark:border-input dark:hover:bg-input/50 px-4 py-2 has-[>svg]:px-3 h-12"
        data-slot="button"
      >
        <svg
          aria-hidden="true"
          class="lucide lucide-arrow-up-narrow-wide h-4 w-4 mr-2"
          fill="none"
          height="24"
          stroke="currentColor"
          stroke-linecap="round"
          stroke-linejoin="round"
          stroke-width="2"
          viewBox="0 0 24 24"
          width="24"
          xmlns="http://www.w3.org/2000/svg"
        >
          <path
            d="m3 8 4-4 4 4"
          />
          <path
            d="M7 4v16"
          />
          <path
            d="M11 12h4"
          />
          <path
            d="M11 16h7"
          />
          <path
            d="M11 20h10"
          />
        </svg>
        Sort by Name
      </button>
      <button
        class="inline-flex items-center justify-center gap-2 whitespace-nowrap rounded-md text-sm font-medium transition-all disabled:pointer-events-none disabled:opacity-50 [&_svg]:pointer-events-none [&_svg:not([class*='size-'])]:size-4 shrink-0 [&_svg]:shrink-0 outline-none focus-visible:border-ring focus-visible:ring-ring/50 focus-visible:ring-[3px] aria-invalid:ring-destructive/20 dark:aria-invalid:ring-destructive/40 aria-invalid:border-destructive border bg-background shadow-xs hover:bg-accent hover:text-accent-foreground dark:bg-input/30 dark:border-input dark:hover:bg-input/50 px-4 py-2 has-[>svg]:px-3 h-12"
        data-slot="button"
      >
        <svg
          aria-hidden="true"
          class="lucide lucide-grid3x3 lucide-grid-3x3 h-4 w-4"
          fill="none"
          height="24"
          stroke="currentColor"
          stroke-linecap="round"
          stroke-linejoin="round"
          stroke-width="2"
          viewBox="0 0 24 24"
          width="24"
          xmlns="http://www.w3.org/2000/svg"
        >
          <rect
            height="18"
            rx="2"
            width="18"
            x="3"
            y="3"
          />
          <path
            d="M3 9h18"
          />
          <path
            d="M3 15h18"
          />
          <path
            d="M9 3v18"
          />
          <path
            d="M15 3v18"
          />
        </svg>
      </button>
      <button
        class="inline-flex items-center justify-center gap-2 whitespace-nowrap rounded-md text-sm font-medium transition-all disabled:pointer-events-none disabled:opacity-50 [&_svg]:pointer-events-none [&_svg:not([class*='size-'])]:size-4 shrink-0 [&_svg]:shrink-0 outline-none focus-visible:border-ring focus-visible:ring-ring/50 focus-visible:ring-[3px] aria-invalid:ring-destructive/20 dark:aria-invalid:ring-destructive/40 aria-invalid:border-destructive bg-primary text-primary-foreground shadow-xs hover:bg-primary/90 px-4 py-2 has-[>svg]:px-3 h-12"
        data-slot="button"
      >
        <svg
          aria-hidden="true"
          class="lucide lucide-plus h-4 w-4 mr-2"
          fill="none"
          height="24"
          stroke="currentColor"
          stroke-linecap="round"
          stroke-linejoin="round"
          stroke-width="2"
          viewBox="0 0 24 24"
          width="24"
          xmlns="http://www.w3.org/2000/svg"
        >
          <path
            d="M5 12h14"
          />
          <path
            d="M12 5v14"
          />
        </svg>
        Add Character
      </button>
    </div>
  </div>
  <div
    data-orientation="vertical"
    data-slot="accordion"
    data-testid="accordion"
  >
    <div
      class="border-b last:border-b-0"
      data-orientation="vertical"
      data-slot="accordion-item"
      data-state="closed"
    >
      <div
        aria-labelledby="radix-«r0»"
        class="data-[state=closed]:animate-accordion-up data-[state=open]:animate-accordion-down overflow-hidden text-sm"
        data-orientation="vertical"
        data-slot="accordion-content"
        data-state="closed"
        hidden=""
        id="radix-«r1»"
        role="region"
        style="--radix-accordion-content-height: var(--radix-collapsible-content-height); --radix-accordion-content-width: var(--radix-collapsible-content-width);"
      />
    </div>
  </div>
</div>
`;
